
===========================================================================
 report_power
============================================================================
======================= nom_tt_025C_1v80 Corner ===================================

Group                    Internal    Switching      Leakage        Total
                            Power        Power        Power        Power (Watts)
------------------------------------------------------------------------
Sequential           0.000000e+00 0.000000e+00 0.000000e+00 0.000000e+00   0.0%
Combinational        1.896907e-06 3.780070e-06 6.250775e-11 5.677040e-06 100.0%
Clock                0.000000e+00 0.000000e+00 6.480075e-11 6.480075e-11   0.0%
Macro                0.000000e+00 0.000000e+00 0.000000e+00 0.000000e+00   0.0%
Pad                  0.000000e+00 0.000000e+00 0.000000e+00 0.000000e+00   0.0%
------------------------------------------------------------------------
Total                1.896907e-06 3.780070e-06 1.273085e-10 5.677105e-06 100.0%
                            33.4%        66.6%         0.0%
Writing metric power__internal__total: 1.8969074062624713e-6
Writing metric power__switching__total: 3.7800703012180747e-6
Writing metric power__leakage__total: 1.2730851095543727e-10
Writing metric power__total: 5.677105036738794e-6

