
===========================================================================
 report_power
============================================================================
======================= min_ff_n40C_1v95 Corner ===================================

Group                    Internal    Switching      Leakage        Total
                            Power        Power        Power        Power (Watts)
------------------------------------------------------------------------
Sequential           2.517923e-11 1.452326e-11 6.751188e-10 7.148213e-10  17.7%
Combinational        2.983663e-11 4.498838e-11 2.391151e-09 2.465977e-09  61.1%
Clock                1.448260e-11 5.825998e-12 8.325307e-10 8.528393e-10  21.1%
Macro                0.000000e+00 0.000000e+00 0.000000e+00 0.000000e+00   0.0%
Pad                  0.000000e+00 0.000000e+00 0.000000e+00 0.000000e+00   0.0%
------------------------------------------------------------------------
Total                6.949848e-11 6.533764e-11 3.898800e-09 4.033636e-09 100.0%
                             1.7%         1.6%        96.7%

